---
source: crates/rolldown/tests/common/mod.rs
expression: compiled_fx.output_friendly_to_snapshot()
input_file: crates/rolldown/tests/esbuild/default/export_infinite_cycle1
---
---------- ERRORS ----------
CIRCULAR_REEXPORT: "a" cannot be exported from "main.js" as it is a reexport that references itself.
